Git Minimal configuration
- username
-user email

$ git config --global user.name "Ketan"
$ git config --global user.email "ketanbhikadiya9@gmail.com"

cd C:/Python_SPark/Deploy_ML_Model/deployML_Local_Environment/


--create a new repository
$ git init ml_predict_salary_july_2020

-- observe that we are now into "master" branch in the repository
Ketan.Bhikadiya@91ISDL035219 MINGW64 /c/Python_SPark/Deploy_ML_Model
$ cd ml_predict_salary_july_2020/

Ketan.Bhikadiya@91ISDL035219 MINGW64 /c/Python_SPark/Deploy_ML_Model/ml_predict_salary_july_2020 (master)

---there are no file and folder except ".git" default dir


1. working directory
2. staging area
3. repository (.git folder)

file moved from 1 to 3 thru 2.

these all are local repository.

4th step is rempte step(cloud) : it has its own 3 stage but people call it 4th stage.



--lets add some file into git repo.
$ git status
On branch master

No commits yet

nothing to commit (create/copy files and use "git add" to track)
-- make noepad++ default text editor for git
$ git config --global core.editor "notepad++ -multiInst -nosession"


--just to see if git has notepad++ its defaul text editor by opening git's own config file
$ git config --global -e


--open file using notepad++
$ notepad++ README.md


--lets check the git status
$ git status
On branch master

No commits yet

Untracked files:
  (use "git add <file>..." to include in what will be committed)
        README.md
        git.txt

nothing added to commit but untracked files present (use "git add" to track)


--add file to git staging area
$ git status
On branch master

No commits yet

Changes to be committed:
  (use "git rm --cached <file>..." to unstage)
        new file:   README.md

Untracked files:
  (use "git add <file>..." to include in what will be committed)
        git.txt


--not lets commit
Ketan.Bhikadiya@91ISDL035219 MINGW64 /c/Python_SPark/Deploy_ML_Model/ml_predict_salary_july_2020 (master)
$ git commit -m "this is a commit message. this is a first commint by ketan"
[master (root-commit) c2a910d] this is a commit message. this is a first commint by ketan
 1 file changed, 3 insertions(+)
 create mode 100644 README.md

Ketan.Bhikadiya@91ISDL035219 MINGW64 /c/Python_SPark/Deploy_ML_Model/ml_predict_salary_july_2020 (master)
$ git status
On branch master
Untracked files:
  (use "git add <file>..." to include in what will be committed)
        git.txt

nothing added to commit but untracked files present (use "git add" to track)


--$ ls -al
#this returns all files including hidden





